-----------------------------------------------------------------------------
-- This is ASPECT, the Advanced Solver for Problems in Earth's ConvecTion.
--     . version 2.3.0-pre (master, 89ca9169c)
--     . using deal.II 9.2.0
--     .       with 32 bit indices and vectorization level 1 (128 bits)
--     . using Trilinos 12.18.1
--     . using p4est 2.2.0
--     . running in DEBUG mode
--     . running with 4 MPI processes
-----------------------------------------------------------------------------


-----------------------------------------------------------------------------
The output directory <output/> provided in the input file appears not to exist.
ASPECT will create it for you.
-----------------------------------------------------------------------------


-----------------------------------------------------------------------------
-- For information on how to cite ASPECT, see:
--   https://aspect.geodynamics.org/citing.html?ver=2.3.0-pre&sha=89ca9169c&src=code
-----------------------------------------------------------------------------
Number of active cells: 3,072 (on 6 levels)
Number of degrees of freedom: 40,836 (25,090+3,201+12,545)

*** Timestep 0:  t=0 years, dt=0 years
   Solving temperature system... 0 iterations.
   Rebuilding Stokes preconditioner...
   Solving Stokes system... 53+0 iterations.

   Postprocessing:
     Writing graphical output:           output/solution/solution-00000
     RMS, max velocity:                  0.0704 m/year, 0.141 m/year
     Temperature min/avg/max:            973 K, 2486 K, 4273 K
     Heat fluxes through boundary parts: 2.269e+04 W, 8.455e+04 W, 0 W, 0 W
     Writing depth average:              output/depth_average

*** Timestep 1:  t=313892 years, dt=313892 years
   Solving temperature system... 19 iterations.
   Solving Stokes system... 52+0 iterations.

   Postprocessing:
     RMS, max velocity:                  0.0844 m/year, 0.169 m/year
     Temperature min/avg/max:            973 K, 2487 K, 4273 K
     Heat fluxes through boundary parts: 1.784e+04 W, 1.757e+05 W, 0 W, 0 W

*** Timestep 2:  t=575844 years, dt=261952 years
   Solving temperature system... 21 iterations.
   Solving Stokes system... 46+0 iterations.

   Postprocessing:
     RMS, max velocity:                  0.0989 m/year, 0.198 m/year
     Temperature min/avg/max:            973 K, 2487 K, 4273 K
     Heat fluxes through boundary parts: 4.833e+04 W, 9.076e+04 W, 0 W, 0 W

*** Timestep 3:  t=799267 years, dt=223423 years
   Solving temperature system... 20 iterations.
   Solving Stokes system... 45+0 iterations.

   Postprocessing:
     RMS, max velocity:                  0.114 m/year, 0.228 m/year
     Temperature min/avg/max:            973 K, 2488 K, 4273 K
     Heat fluxes through boundary parts: 7.198e+04 W, 1.049e+05 W, 0 W, 0 W

*** Timestep 4:  t=993930 years, dt=194664 years
   Solving temperature system... 20 iterations.
   Solving Stokes system... 44+0 iterations.

   Postprocessing:
     RMS, max velocity:                  0.128 m/year, 0.257 m/year
     Temperature min/avg/max:            973 K, 2489 K, 4273 K
     Heat fluxes through boundary parts: 9.868e+04 W, 1.217e+05 W, 0 W, 0 W

*** Timestep 5:  t=1e+06 years, dt=6069.66 years
   Solving temperature system... 9 iterations.
   Solving Stokes system... 33+0 iterations.

   Postprocessing:
     Writing graphical output:           output/solution/solution-00001
     RMS, max velocity:                  0.129 m/year, 0.257 m/year
     Temperature min/avg/max:            973 K, 2489 K, 4273 K
     Heat fluxes through boundary parts: 9.84e+04 W, 1.215e+05 W, 0 W, 0 W
     Writing depth average:              output/depth_average

Termination requested by criterion: end time


+----------------------------------------------+------------+------------+
| Total wallclock time elapsed since start     |      21.6s |            |
|                                              |            |            |
| Section                          | no. calls |  wall time | % of total |
+----------------------------------+-----------+------------+------------+
| Assemble Stokes system           |         6 |      2.35s |        11% |
| Assemble temperature system      |         6 |      6.85s |        32% |
| Build Stokes preconditioner      |         1 |     0.542s |       2.5% |
| Build temperature preconditioner |         6 |    0.0657s |       0.3% |
| Initialization                   |         1 |      1.16s |       5.4% |
| Postprocessing                   |         6 |      5.29s |        25% |
| Setup dof systems                |         1 |     0.611s |       2.8% |
| Setup initial conditions         |         1 |     0.586s |       2.7% |
| Setup matrices                   |         1 |     0.227s |       1.1% |
| Solve Stokes system              |         6 |      1.87s |       8.7% |
| Solve temperature system         |         6 |    0.0519s |      0.24% |
+----------------------------------+-----------+------------+------------+

-----------------------------------------------------------------------------
-- For information on how to cite ASPECT, see:
--   https://aspect.geodynamics.org/citing.html?ver=2.3.0-pre&sha=89ca9169c&src=code
-----------------------------------------------------------------------------
